<DocumentFragment>
  <div>
    <div>
      <a
        href="https://vitejs.dev"
        target="_blank"
      >
        <img
          alt="Vite logo"
          class="logo"
          src="/vite.svg"
        />
      </a>
      <a
        href="https://react.dev"
        target="_blank"
      >
        <img
          alt="React logo"
          class="logo react"
          src="/src/assets/react.svg"
        />
      </a>
    </div>
    <h1>
      Vite + React
    </h1>
    <h2 />
    <div
      class="card"
    >
      <button>
        count is 0
      </button>
      <p>
        Edit 
        <code>
          src/App.tsx
        </code>
         and save to test HMR 
        <strong>
          test
        </strong>
      </p>
    </div>
    <p
      class="read-the-docs"
    >
      Click on the Vite and React logos to learn more
    </p>
  </div>
</DocumentFragment>